// Jest Snapshot v1, https://goo.gl/fbAQLP

exports[`constants form events should match the snapshot 1`] = `
[
  "onblur",
  "onchange",
  "oncontextmenu",
  "onfocus",
  "onformchange",
  "onforminput",
  "oninput",
  "oninvalid",
  "onreset",
  "onselect",
  "onsubmit",
]
`;

exports[`constants keyboard events should match the snapshot 1`] = `
[
  "onkeydown",
  "onkeypress",
  "onkeyup",
]
`;

exports[`constants media events should match the snapshot 1`] = `
[
  "onabort",
  "oncanplay",
  "oncanplaythrough",
  "ondurationchange",
  "onemptied",
  "onended",
  "onerror",
  "onloadeddata",
  "onloadedmetadata",
  "onloadstart",
  "onpause",
  "onplay",
  "onplaying",
  "onprogress",
  "onratechange",
  "onreadystatechange",
  "onseeked",
  "onseeking",
  "onstalled",
  "onsuspend",
  "ontimeupdate",
  "onvolumechange",
  "onwaiting",
]
`;

exports[`constants mouse events should match the snapshot 1`] = `
[
  "onclick",
  "ondblclick",
  "ondrag",
  "ondragend",
  "ondragenter",
  "ondragleave",
  "ondragover",
  "ondragstart",
  "ondrop",
  "onmousedown",
  "onmousemove",
  "onmouseout",
  "onmouseover",
  "onmouseup",
  "onmousewheel",
  "onscroll",
]
`;

exports[`constants window events should match the snapshot 1`] = `
[
  "onafterprint",
  "onbeforeprint",
  "onbeforeunload",
  "onerror",
  "onhaschange",
  "onload",
  "onmessage",
  "onoffline",
  "onpagehide",
  "onpageshow",
  "onpopstate",
  "onredo",
  "onresize",
  "onstorage",
  "onundo",
  "onunload",
]
`;
